> 阿里云的轻量应用服务器，由于配置低，升级了服务器，可用的宝塔面板 cpu 和内存都自动显示升级后的配置了，系统盘却显示原来的大小，怎么重启服务器都不管用，怎么回事呢？原来轻量应用服务器升级后，宝塔面板调用的是服务器的信息，其他都可以自动升级，系统盘增加后要在控制台扩容，还需要登录服务器内，对文件系统/dev/vda1 扩容一下，扩展分区和文件系统_Linux 系统盘，具体应该这样操作。

  

建议您操作前先创建一下磁盘快照做备份。以防操作失误影响网站。

  

## 1、

  

运行 fdisk -l 命令查看现有云盘大小。

  

以下示例返回云盘（/dev/vda）容量是 100GiB。

  

[root@ecshost ~]# fdisk -l

  

Disk /dev/vda: 107.4 GB, 107374182400 bytes, 209715200 sectors

  

Units = sectors of 1 * 512 = 512 bytes

  

Sector size (logical/physical): 512 bytes / 512 bytes

  

I/O size (minimum/optimal): 512 bytes / 512 bytes

  

Disk label type: dos

  

Disk identifier: 0x0008d73a

  

Device Boot Start End Blocks Id System

  

/dev/vda1 * 2048 41943039 20970496 83 Linux

  

## 2、

  

运行 df -h 命令查看云盘分区大小。

  

以下示例返回分区（/dev/vda1）容量是 20GiB。

  

[root@ecshost ~]# df -h

  

Filesystem Size Used Avail Use% Mounted on

  

/dev/vda1 20G 1.5G 18G 8% /

  

devtmpfs 7.8G 0 7.8G 0% /dev

  

tmpfs 7.8G 0 7.8G 0% /dev/shm

  

tmpfs 7.8G 344K 7.8G 1% /run

  

tmpfs 7.8G 0 7.8G 0% /sys/fs/cgroup

  

tmpfs 1.6G 0 1.6G 0% /run/user/0

  

## 3、

  

运行 growpart <DeviceName> <PartionNumber>命令调用 growpart 为需要扩容的云盘和对应的第几个分区扩容。

  

示例命令表示为系统盘的第一个分区扩容。

  

[root@ecshost ~]# growpart /dev/vda 1

  

CHANGED: partition=1 start=2048 old: size=41940992 end=41943040 new: size=209710462,end=2097125

  

若运行命令后报以下错误，您可以运行 LANG=en_US.UTF-8 切换 ECS 实例的字符编码类型。

  

[root@ecshost ~]# growpart /dev/vda 1

  

unexpected output in sfdisk --version [sfdisk，来自 util-linux 2.23.2]

  

[root@ecshost ~]#.UTF-8

  

## 4、

  

运行 resize2fs <PartitionName>命令调用 resize2fs 扩容文件系统。

  

示例命令表示为扩容系统盘的/dev/vda1 分区文件系统。

  

[root@ecshost ~]# resize2fs /dev/vda1

  

resize2fs 1.42.9 (28-Dec-2013)

  

Filesystem at /dev/vda1 is mounted on /; on-line resizing required

  

old_desc_blocks = 2, new_desc_blocks = 7

  

The filesystem on /dev/vda1 is now 26213807 blocks long.

  

说明 如果您使用的是 xfs 文件系统，运行 xfs_growfs /dev/vda1 命令扩容文件系统。

  

## 5、

  

运行 df -h 命令查看云盘分区大小。

  

返回分区（/dev/vda1）容量是 100GiB，表示已经成功扩容。

  

[root@ecshost ~]# df -h

  

Filesystem Size Used Avail Use% Mounted on

  

/dev/vda1 99G 1.6G 93G 2% /

  

devtmpfs 7.8G 0 7.8G 0% /dev
<!--stackedit_data:
eyJoaXN0b3J5IjpbMTQ2Nzk4NzI0XX0=
-->